// Jest Snapshot v1, https://goo.gl/fbAQLP

exports[`TopMenu matches snapshot 1`] = `
<nav
  className="Navbar"
>
  <div
    className="main"
  >
    <div
      className="left"
    >
      <Link
        replace={false}
        to="/"
      >
        <div
          className="item"
        >
          <img
            src="logo.png"
          />
        </div>
      </Link>
    </div>
    <div
      className="right"
    >
      <Link
        key="0"
        replace={false}
        to="/account"
      >
        <div
          className="item"
        >
          <span
            className="icon"
          >
            <i
              className="fas fa-user"
            />
          </span>
          <span
            className="menu-text"
          >
            Account
          </span>
        </div>
      </Link>
      <Link
        key="1"
        replace={false}
        to="/settings"
      >
        <div
          className="item"
        >
          <span
            className="icon"
          >
            <i
              className="fas fa-cog"
            />
          </span>
          <span
            className="menu-text"
          >
            Settings
          </span>
        </div>
      </Link>
    </div>
    <div
      className="burger mobile-only"
      onClick={[Function]}
    >
      <span
        className=""
      />
      <span
        className=""
      />
      <span
        className=""
      />
    </div>
  </div>
  <div
    className="dropdown"
  >
    <Link
      key="Account"
      replace={false}
      to="/account"
    >
      <div
        className="item"
      >
        <span
          className="icon"
        >
          <i
            className="fas fa-user"
          />
        </span>
        <span
          className="menu-text"
        >
          Account
        </span>
      </div>
    </Link>
    <Link
      key="Settings"
      replace={false}
      to="/settings"
    >
      <div
        className="item"
      >
        <span
          className="icon"
        >
          <i
            className="fas fa-cog"
          />
        </span>
        <span
          className="menu-text"
        >
          Settings
        </span>
      </div>
    </Link>
    <Link
      key="Decks"
      replace={false}
      to="/"
    >
      <div
        className="item secondary"
      >
        <span
          className="icon"
        >
          <i
            className="fas fa-server"
          />
        </span>
        <span
          className="menu-text"
        >
          Decks
        </span>
      </div>
    </Link>
    <Link
      key="Explore"
      replace={false}
      to="/"
    >
      <div
        className="item secondary"
      >
        <span
          className="icon"
        >
          <i
            className="fas fa-chart-bar"
          />
        </span>
        <span
          className="menu-text"
        >
          Explore
        </span>
      </div>
    </Link>
    <Link
      key="Settings"
      replace={false}
      to="/"
    >
      <div
        className="item secondary"
      >
        <span
          className="icon"
        >
          <i
            className="fas fa-cog"
          />
        </span>
        <span
          className="menu-text"
        >
          Settings
        </span>
      </div>
    </Link>
  </div>
</nav>
`;
